******************************************************************************
                  TI ARM Linker PC v20.2.7                     
******************************************************************************
>> Linked Wed Apr 30 19:35:54 2025

OUTPUT FILE NAME:   <Pong.out>
ENTRY POINT SYMBOL: "_c_int00_noargs"  address: 000020e5


MEMORY CONFIGURATION

         name            origin    length      used     unused   attr    fill
----------------------  --------  ---------  --------  --------  ----  --------
  FLASH                 00000000   00040000  00002374  0003dc8c  R  X
  SRAM                  20000000   00008000  000054f8  00002b08  RW X


SEGMENT ALLOCATION MAP

run origin  load origin   length   init length attrs members
----------  ----------- ---------- ----------- ----- -------
00000000    00000000    00002378   00002378    r-x
  00000000    00000000    0000026c   0000026c    r-- .intvecs
  0000026c    0000026c    00001ed8   00001ed8    r-x .text
  00002148    00002148    00000230   00000230    r-- .cinit
20000000    20000000    000054f8   00000000    rw-
  20000000    20000000    000052f8   00000000    rw- .data
  200052f8    200052f8    00000200   00000000    rw- .stack


SECTION ALLOCATION MAP

 output                                  attributes/
section   page    origin      length       input sections
--------  ----  ----------  ----------   ----------------
.intvecs   0    00000000    0000026c     
                  00000000    0000026c     tm4c123gh6pm_startup_ccs.obj (.intvecs)

.text      0    0000026c    00001ed8     
                  0000026c    00001776     main_routine.obj (.text)
                  000019e2    0000039a     library.obj (.text)
                  00001d7c    0000021e     pong_lib.obj (.text)
                  00001f9a    0000009c     rtsv7M4_T_le_v4SPD16_eabi.lib : memcpy_t2.asm.obj (.text)
                  00002036    00000068                                   : copy_decompress_lzss.c.obj (.text:decompress:lzss:__TI_decompress_lzss)
                  0000209e    00000002     --HOLE-- [fill = 0]
                  000020a0    00000044                                   : autoinit.c.obj (.text:__TI_auto_init_nobinit_nopinit:__TI_auto_init_nobinit_nopinit)
                  000020e4    00000034                                   : boot_cortex_m.c.obj (.text:_c_int00_noargs:_c_int00_noargs)
                  00002118    0000000e                                   : copy_decompress_none.c.obj (.text:decompress:none:__TI_decompress_none)
                  00002126    0000000c     tm4c123gh6pm_startup_ccs.obj (.text)
                  00002132    0000000a     main.obj (.text)
                  0000213c    00000004     rtsv7M4_T_le_v4SPD16_eabi.lib : pre_init.c.obj (.text:_system_pre_init)
                  00002140    00000004                                   : exit.c.obj (.text:abort:abort)

.cinit     0    00002148    00000230     
                  00002148    00000220     (.cinit..data.load) [load image, compression = lzss]
                  00002368    00000008     (__TI_handler_table)
                  00002370    00000008     (__TI_cinit_table)

.init_array 
*          0    00000000    00000000     UNINITIALIZED

.data      0    20000000    000052f8     UNINITIALIZED
                  20000000    00004f8f     pong_lib.obj (.data)
                  20004f8f    00000369     main_routine.obj (.data)

.stack     0    200052f8    00000200     UNINITIALIZED
                  200052f8    00000004     rtsv7M4_T_le_v4SPD16_eabi.lib : boot_cortex_m.c.obj (.stack)
                  200052fc    000001fc     --HOLE--

__llvm_prf_cnts 
*          0    20000000    00000000     UNINITIALIZED

MODULE SUMMARY

       Module                         code   ro data   rw data
       ------                         ----   -------   -------
    .\
       pong_lib.obj                   542    0         20367  
       main_routine.obj               6006   0         873    
       library.obj                    922    0         0      
       tm4c123gh6pm_startup_ccs.obj   12     620       0      
       main.obj                       10     0         0      
    +--+------------------------------+------+---------+---------+
       Total:                         7492   620       21240  
                                                              
    C:\ti\ccs1281\ccs\tools\compiler\ti-cgt-arm_20.2.7.LTS\lib\rtsv7M4_T_le_v4SPD16_eabi.lib
       memcpy_t2.asm.obj              156    0         0      
       copy_decompress_lzss.c.obj     104    0         0      
       autoinit.c.obj                 68     0         0      
       boot_cortex_m.c.obj            52     0         0      
       copy_decompress_none.c.obj     14     0         0      
       exit.c.obj                     4      0         0      
       pre_init.c.obj                 4      0         0      
    +--+------------------------------+------+---------+---------+
       Total:                         402    0         0      
                                                              
       Stack:                         0      0         512    
       Linker Generated:              0      560       0      
    +--+------------------------------+------+---------+---------+
       Grand Total:                   7894   1180      21752  


LINKER GENERATED COPY TABLES

__TI_cinit_table @ 00002370 records: 1, size/record: 8, table size: 8
	.data: load addr=00002148, load size=00000220 bytes, run addr=20000000, run size=000052f8 bytes, compression=lzss


LINKER GENERATED HANDLER TABLE

__TI_handler_table @ 00002368 records: 2, size/record: 4, table size: 8
	index: 0, handler: __TI_decompress_lzss
	index: 1, handler: __TI_decompress_none


GLOBAL SYMBOLS: SORTED ALPHABETICALLY BY Name 

address   name                          
-------   ----                          
00002141  C$$EXIT                       
00002127  ResetISR                      
000018dd  Second_Timer_Handler          
00001329  Switch_Handler                
000014c1  Timer_Handler                 
0000109d  UART0_Handler                 
200054f8  __STACK_END                   
00000200  __STACK_SIZE                  
200054f8  __STACK_TOP                   
00002370  __TI_CINIT_Base               
00002378  __TI_CINIT_Limit              
00002368  __TI_Handler_Table_Base       
00002370  __TI_Handler_Table_Limit      
000020a1  __TI_auto_init_nobinit_nopinit
00002037  __TI_decompress_lzss          
00002119  __TI_decompress_none          
ffffffff  __TI_pprof_out_hndl           
ffffffff  __TI_prof_data_size           
ffffffff  __TI_prof_data_start          
00000000  __TI_static_base__            
00001f9b  __aeabi_memcpy                
00001f9b  __aeabi_memcpy4               
00001f9b  __aeabi_memcpy8               
ffffffff  __binit__                     
ffffffff  __c_args__                    
UNDEFED   __mpu_init                    
200052f8  __stack                       
20000000  __start___llvm_prf_cnts       
20000000  __stop___llvm_prf_cnts        
000020e5  _c_int00_noargs               
UNDEFED   _system_post_cinit            
0000213d  _system_pre_init              
00002141  abort                         
00001dcf  background_gen                
ffffffff  binit                         
00001c4f  division                      
00000000  g_pfnVectors                  
00001a99  gpio_btn_and_LED_init         
00000eff  gpio_interrupt_init           
00001beb  illuminate_LEDs               
00001c05  illuminate_RGB_LED            
00001da9  init_game                     
00001cb7  int2string                    
00002133  main                          
000002f1  main_routine                  
00001f9b  memcpy                        
00000e55  mov_cursor                    
00001c97  multiplication                
00001b27  output_character              
00001bab  output_string                 
00000999  power_up_randomizer           
00000b87  print_clock_value             
00001d9c  ptr_to_BLUEplayer             
00001da4  ptr_to_CLOCK                  
00001da0  ptr_to_REDplayer              
00000924  ptr_to_power_up_xpos          
00000280  ptr_to_side_border            
00001b45  read_character                
00001bcf  read_from_push_btns           
00001b63  read_string                   
00001c2b  read_tiva_push_button         
00000e3b  reset_cursor                  
00000e97  set_color                     
00001d4b  string2int                    
00000f91  timer_intterupt_innit         
000019e3  uart_init                     
00000ed9  uart_interrupt_init           
00000ad9  update_score                  


GLOBAL SYMBOLS: SORTED BY Symbol Address 

address   name                          
-------   ----                          
00000000  __TI_static_base__            
00000000  g_pfnVectors                  
00000200  __STACK_SIZE                  
00000280  ptr_to_side_border            
000002f1  main_routine                  
00000924  ptr_to_power_up_xpos          
00000999  power_up_randomizer           
00000ad9  update_score                  
00000b87  print_clock_value             
00000e3b  reset_cursor                  
00000e55  mov_cursor                    
00000e97  set_color                     
00000ed9  uart_interrupt_init           
00000eff  gpio_interrupt_init           
00000f91  timer_intterupt_innit         
0000109d  UART0_Handler                 
00001329  Switch_Handler                
000014c1  Timer_Handler                 
000018dd  Second_Timer_Handler          
000019e3  uart_init                     
00001a99  gpio_btn_and_LED_init         
00001b27  output_character              
00001b45  read_character                
00001b63  read_string                   
00001bab  output_string                 
00001bcf  read_from_push_btns           
00001beb  illuminate_LEDs               
00001c05  illuminate_RGB_LED            
00001c2b  read_tiva_push_button         
00001c4f  division                      
00001c97  multiplication                
00001cb7  int2string                    
00001d4b  string2int                    
00001d9c  ptr_to_BLUEplayer             
00001da0  ptr_to_REDplayer              
00001da4  ptr_to_CLOCK                  
00001da9  init_game                     
00001dcf  background_gen                
00001f9b  __aeabi_memcpy                
00001f9b  __aeabi_memcpy4               
00001f9b  __aeabi_memcpy8               
00001f9b  memcpy                        
00002037  __TI_decompress_lzss          
000020a1  __TI_auto_init_nobinit_nopinit
000020e5  _c_int00_noargs               
00002119  __TI_decompress_none          
00002127  ResetISR                      
00002133  main                          
0000213d  _system_pre_init              
00002141  C$$EXIT                       
00002141  abort                         
00002368  __TI_Handler_Table_Base       
00002370  __TI_CINIT_Base               
00002370  __TI_Handler_Table_Limit      
00002378  __TI_CINIT_Limit              
20000000  __start___llvm_prf_cnts       
20000000  __stop___llvm_prf_cnts        
200052f8  __stack                       
200054f8  __STACK_END                   
200054f8  __STACK_TOP                   
ffffffff  __TI_pprof_out_hndl           
ffffffff  __TI_prof_data_size           
ffffffff  __TI_prof_data_start          
ffffffff  __binit__                     
ffffffff  __c_args__                    
ffffffff  binit                         
UNDEFED   __mpu_init                    
UNDEFED   _system_post_cinit            

[68 symbols]
